// Jest Snapshot v1, https://goo.gl/fbAQLP

exports[`should render expected markup 1`] = `<div />`;
