// Jest Snapshot v1, https://goo.gl/fbAQLP

exports[`renders the expected markup 1`] = `
<Container
  data-context="calendar"
  tabIndex={-1}
>
  <Header
    day={1}
    month={0}
    year={2017}
  />
  <Calendar>
    <Table>
      <thead>
        <tr>
          <Th
            colSpan={7}
          >
            <Navigator>
              <Button
                data-action="previous-month"
                importance="secondary"
                onClick={[Function]}
                size="small"
                transparent={true}
              >
                <Icon
                  name="chevron_left"
                  squared={true}
                />
              </Button>
              <Year>
                January
                 
                2017
              </Year>
              <Button
                data-action="next-month"
                importance="secondary"
                onClick={[Function]}
                size="small"
                transparent={true}
              >
                <Icon
                  name="chevron_right"
                  squared={true}
                />
              </Button>
            </Navigator>
          </Th>
        </tr>
        <tr>
          <Cell
            isHeader={true}
            key="0"
          >
            S
          </Cell>
          <Cell
            isHeader={true}
            key="1"
          >
            M
          </Cell>
          <Cell
            isHeader={true}
            key="2"
          >
            T
          </Cell>
          <Cell
            isHeader={true}
            key="3"
          >
            W
          </Cell>
          <Cell
            isHeader={true}
            key="4"
          >
            T
          </Cell>
          <Cell
            isHeader={true}
            key="5"
          >
            F
          </Cell>
          <Cell
            isHeader={true}
            key="6"
          >
            S
          </Cell>
        </tr>
      </thead>
      <Days>
        <Row
          date={2017-01-01T00:00:00.000Z}
          days={
            Array [
              1,
              2,
              3,
              4,
              5,
              6,
              7,
            ]
          }
          key="0"
          onSelect={[Function]}
          selected={2017-01-01T00:00:00.000Z}
        />
        <Row
          date={2017-01-01T00:00:00.000Z}
          days={
            Array [
              8,
              9,
              10,
              11,
              12,
              13,
              14,
            ]
          }
          key="1"
          onSelect={[Function]}
          selected={2017-01-01T00:00:00.000Z}
        />
        <Row
          date={2017-01-01T00:00:00.000Z}
          days={
            Array [
              15,
              16,
              17,
              18,
              19,
              20,
              21,
            ]
          }
          key="2"
          onSelect={[Function]}
          selected={2017-01-01T00:00:00.000Z}
        />
        <Row
          date={2017-01-01T00:00:00.000Z}
          days={
            Array [
              22,
              23,
              24,
              25,
              26,
              27,
              28,
            ]
          }
          key="3"
          onSelect={[Function]}
          selected={2017-01-01T00:00:00.000Z}
        />
        <Row
          date={2017-01-01T00:00:00.000Z}
          days={
            Array [
              29,
              30,
              31,
              undefined,
              undefined,
              undefined,
              undefined,
            ]
          }
          key="4"
          onSelect={[Function]}
          selected={2017-01-01T00:00:00.000Z}
        />
        <Row
          date={2017-01-01T00:00:00.000Z}
          days={
            Array [
              undefined,
              undefined,
              undefined,
              undefined,
              undefined,
              undefined,
              undefined,
            ]
          }
          key="5"
          onSelect={[Function]}
          selected={2017-01-01T00:00:00.000Z}
        />
      </Days>
    </Table>
  </Calendar>
</Container>
`;
